Analysis & Synthesis report for vspider
Mon May 11 19:16:05 2026
Quartus II 32-bit Version 13.0.1 Build 232 06/12/2013 Service Pack 1 SJ Web Edition


---------------------
; Table of Contents ;
---------------------
  1. Legal Notice
  2. Analysis & Synthesis Summary
  3. Analysis & Synthesis Settings
  4. Parallel Compilation
  5. Analysis & Synthesis Source Files Read
  6. Analysis & Synthesis Resource Usage Summary
  7. Analysis & Synthesis Resource Utilization by Entity
  8. Analysis & Synthesis IP Cores Summary
  9. Parameter Settings for User Entity Instance: video:U5|shift_out:USR|lpm_shiftreg:LPM_SHIFTREG_component
 10. Parameter Settings for Inferred Entity Instance: video:U5|lpm_counter:invert_rtl_0
 11. Parameter Settings for Inferred Entity Instance: video:U5|lpm_add_sub:Add0
 12. Parameter Settings for Inferred Entity Instance: video:U5|lpm_add_sub:Add2
 13. lpm_shiftreg Parameter Settings by Entity Instance
 14. Port Connectivity Checks: "video:U5|shift_out:USR"
 15. Port Connectivity Checks: "video:U5"
 16. Analysis & Synthesis Messages



----------------
; Legal Notice ;
----------------
Copyright (C) 1991-2013 Altera Corporation
Your use of Altera Corporation's design tools, logic functions 
and other software and tools, and its AMPP partner logic 
functions, and any output files from any of the foregoing 
(including device programming or simulation files), and any 
associated documentation or information are expressly subject 
to the terms and conditions of the Altera Program License 
Subscription Agreement, Altera MegaCore Function License 
Agreement, or other applicable license agreement, including, 
without limitation, that your use is for the sole purpose of 
programming logic devices manufactured by Altera and sold by 
Altera or its authorized distributors.  Please refer to the 
applicable agreement for further details.



+-------------------------------------------------------------------------------+
; Analysis & Synthesis Summary                                                  ;
+-----------------------------+-------------------------------------------------+
; Analysis & Synthesis Status ; Successful - Mon May 11 19:16:05 2026           ;
; Quartus II 32-bit Version   ; 13.0.1 Build 232 06/12/2013 SP 1 SJ Web Edition ;
; Revision Name               ; vspider                                         ;
; Top-level Entity Name       ; vspider_top                                     ;
; Family                      ; MAX3000A                                        ;
; Total macrocells            ; 190                                             ;
; Total pins                  ; 100                                             ;
+-----------------------------+-------------------------------------------------+


+---------------------------------------------------------------------------------------------------------------+
; Analysis & Synthesis Settings                                                                                 ;
+----------------------------------------------------------------------------+------------------+---------------+
; Option                                                                     ; Setting          ; Default Value ;
+----------------------------------------------------------------------------+------------------+---------------+
; Device                                                                     ; EPM3256ATC144-10 ;               ;
; Top-level entity name                                                      ; vspider_top      ; vspider       ;
; Family name                                                                ; MAX3000A         ; Cyclone IV GX ;
; State Machine Processing                                                   ; Minimal Bits     ; Auto          ;
; Optimization Technique                                                     ; Balanced         ; Speed         ;
; Parallel Expander Chain Length                                             ; 2                ; 4             ;
; Auto Resource Sharing                                                      ; On               ; Off           ;
; Suppress Register Optimization Related Messages                            ; On               ; Off           ;
; Block Design Naming                                                        ; MaxPlusII        ; Auto          ;
; Use smart compilation                                                      ; Off              ; Off           ;
; Enable parallel Assembler and TimeQuest Timing Analyzer during compilation ; On               ; On            ;
; Enable compact report table                                                ; Off              ; Off           ;
; Create Debugging Nodes for IP Cores                                        ; Off              ; Off           ;
; Preserve fewer node names                                                  ; On               ; On            ;
; Disable OpenCore Plus hardware evaluation                                  ; Off              ; Off           ;
; Verilog Version                                                            ; Verilog_2001     ; Verilog_2001  ;
; VHDL Version                                                               ; VHDL_1993        ; VHDL_1993     ;
; Safe State Machine                                                         ; Off              ; Off           ;
; Extract Verilog State Machines                                             ; On               ; On            ;
; Extract VHDL State Machines                                                ; On               ; On            ;
; Ignore Verilog initial constructs                                          ; Off              ; Off           ;
; Iteration limit for constant Verilog loops                                 ; 5000             ; 5000          ;
; Iteration limit for non-constant Verilog loops                             ; 250              ; 250           ;
; Add Pass-Through Logic to Inferred RAMs                                    ; On               ; On            ;
; Infer RAMs from Raw Logic                                                  ; On               ; On            ;
; Parallel Synthesis                                                         ; On               ; On            ;
; NOT Gate Push-Back                                                         ; On               ; On            ;
; Power-Up Don't Care                                                        ; On               ; On            ;
; Remove Duplicate Registers                                                 ; On               ; On            ;
; Ignore CARRY Buffers                                                       ; Off              ; Off           ;
; Ignore CASCADE Buffers                                                     ; Off              ; Off           ;
; Ignore GLOBAL Buffers                                                      ; Off              ; Off           ;
; Ignore ROW GLOBAL Buffers                                                  ; Off              ; Off           ;
; Ignore LCELL Buffers                                                       ; Auto             ; Auto          ;
; Ignore SOFT Buffers                                                        ; Off              ; Off           ;
; Limit AHDL Integers to 32 Bits                                             ; Off              ; Off           ;
; Allow XOR Gate Usage                                                       ; On               ; On            ;
; Auto Logic Cell Insertion                                                  ; On               ; On            ;
; Auto Parallel Expanders                                                    ; On               ; On            ;
; Auto Open-Drain Pins                                                       ; On               ; On            ;
; Maximum Fan-in Per Macrocell                                               ; 100              ; 100           ;
; Use LogicLock Constraints during Resource Balancing                        ; On               ; On            ;
; Ignore translate_off and synthesis_off directives                          ; Off              ; Off           ;
; Report Parameter Settings                                                  ; On               ; On            ;
; Report Source Assignments                                                  ; On               ; On            ;
; Report Connectivity Checks                                                 ; On               ; On            ;
; HDL message level                                                          ; Level2           ; Level2        ;
; Number of Removed Registers Reported in Synthesis Report                   ; 5000             ; 5000          ;
; Number of Swept Nodes Reported in Synthesis Report                         ; 5000             ; 5000          ;
; Number of Inverted Registers Reported in Synthesis Report                  ; 100              ; 100           ;
; Synthesis Effort                                                           ; Auto             ; Auto          ;
; Shift Register Replacement - Allow Asynchronous Clear Signal               ; On               ; On            ;
; Pre-Mapping Resynthesis Optimization                                       ; Off              ; Off           ;
; Analysis & Synthesis Message Level                                         ; Medium           ; Medium        ;
; Disable Register Merging Across Hierarchies                                ; Auto             ; Auto          ;
; Synthesis Seed                                                             ; 1                ; 1             ;
+----------------------------------------------------------------------------+------------------+---------------+


Parallel compilation was disabled, but you have multiple processors available. Enable parallel compilation to reduce compilation time.
+-------------------------------------+
; Parallel Compilation                ;
+----------------------------+--------+
; Processors                 ; Number ;
+----------------------------+--------+
; Number detected on machine ; 8      ;
; Maximum allowed            ; 1      ;
+----------------------------+--------+


+--------------------------------------------------------------------------------------------------------------------------------------------------------------------------------------------------------------+
; Analysis & Synthesis Source Files Read                                                                                                                                                                       ;
+----------------------------------+-----------------+-----------------------------+-----------------------------------------------------------------------------------------------------------------+---------+
; File Name with User-Entered Path ; Used in Netlist ; File Type                   ; File Name with Absolute Path                                                                                    ; Library ;
+----------------------------------+-----------------+-----------------------------+-----------------------------------------------------------------------------------------------------------------+---------+
; ../rtl/sd/zc_spi.vhd             ; yes             ; User VHDL File              ; /home/andy/Documents/Projects/Retrocomp/ZX-Spectrum/vspider-firmware/cpld/src/universal/rtl/sd/zc_spi.vhd       ;         ;
; ../rtl/shift/shift_out.vhd       ; yes             ; User Wizard-Generated File  ; /home/andy/Documents/Projects/Retrocomp/ZX-Spectrum/vspider-firmware/cpld/src/universal/rtl/shift/shift_out.vhd ;         ;
; ../rtl/vspider_top.vhd           ; yes             ; User VHDL File              ; /home/andy/Documents/Projects/Retrocomp/ZX-Spectrum/vspider-firmware/cpld/src/universal/rtl/vspider_top.vhd     ;         ;
; ../rtl/video/video.vhd           ; yes             ; User VHDL File              ; /home/andy/Documents/Projects/Retrocomp/ZX-Spectrum/vspider-firmware/cpld/src/universal/rtl/video/video.vhd     ;         ;
; ../rtl/memory/memory.vhd         ; yes             ; User VHDL File              ; /home/andy/Documents/Projects/Retrocomp/ZX-Spectrum/vspider-firmware/cpld/src/universal/rtl/memory/memory.vhd   ;         ;
; lpm_shiftreg.tdf                 ; yes             ; Megafunction                ; /opt/altera/quartus/libraries/megafunctions/lpm_shiftreg.tdf                                                    ;         ;
; lpm_constant.inc                 ; yes             ; Megafunction                ; /opt/altera/quartus/libraries/megafunctions/lpm_constant.inc                                                    ;         ;
; dffeea.inc                       ; yes             ; Megafunction                ; /opt/altera/quartus/libraries/megafunctions/dffeea.inc                                                          ;         ;
; aglobal130.inc                   ; yes             ; Megafunction                ; /opt/altera/quartus/libraries/megafunctions/aglobal130.inc                                                      ;         ;
; lpm_counter.tdf                  ; yes             ; Megafunction                ; /opt/altera/quartus/libraries/megafunctions/lpm_counter.tdf                                                     ;         ;
; lpm_decode.inc                   ; yes             ; Megafunction                ; /opt/altera/quartus/libraries/megafunctions/lpm_decode.inc                                                      ;         ;
; lpm_add_sub.inc                  ; yes             ; Megafunction                ; /opt/altera/quartus/libraries/megafunctions/lpm_add_sub.inc                                                     ;         ;
; cmpconst.inc                     ; yes             ; Megafunction                ; /opt/altera/quartus/libraries/megafunctions/cmpconst.inc                                                        ;         ;
; lpm_compare.inc                  ; yes             ; Megafunction                ; /opt/altera/quartus/libraries/megafunctions/lpm_compare.inc                                                     ;         ;
; lpm_counter.inc                  ; yes             ; Megafunction                ; /opt/altera/quartus/libraries/megafunctions/lpm_counter.inc                                                     ;         ;
; alt_counter_stratix.inc          ; yes             ; Megafunction                ; /opt/altera/quartus/libraries/megafunctions/alt_counter_stratix.inc                                             ;         ;
; lpm_add_sub.tdf                  ; yes             ; Megafunction                ; /opt/altera/quartus/libraries/megafunctions/lpm_add_sub.tdf                                                     ;         ;
; addcore.inc                      ; yes             ; Megafunction                ; /opt/altera/quartus/libraries/megafunctions/addcore.inc                                                         ;         ;
; look_add.inc                     ; yes             ; Megafunction                ; /opt/altera/quartus/libraries/megafunctions/look_add.inc                                                        ;         ;
; bypassff.inc                     ; yes             ; Megafunction                ; /opt/altera/quartus/libraries/megafunctions/bypassff.inc                                                        ;         ;
; altshift.inc                     ; yes             ; Megafunction                ; /opt/altera/quartus/libraries/megafunctions/altshift.inc                                                        ;         ;
; alt_stratix_add_sub.inc          ; yes             ; Megafunction                ; /opt/altera/quartus/libraries/megafunctions/alt_stratix_add_sub.inc                                             ;         ;
; addcore.tdf                      ; yes             ; Megafunction                ; /opt/altera/quartus/libraries/megafunctions/addcore.tdf                                                         ;         ;
; a_csnbuffer.inc                  ; yes             ; Megafunction                ; /opt/altera/quartus/libraries/megafunctions/a_csnbuffer.inc                                                     ;         ;
; a_csnbuffer.tdf                  ; yes             ; Megafunction                ; /opt/altera/quartus/libraries/megafunctions/a_csnbuffer.tdf                                                     ;         ;
; altshift.tdf                     ; yes             ; Megafunction                ; /opt/altera/quartus/libraries/megafunctions/altshift.tdf                                                        ;         ;
+----------------------------------+-----------------+-----------------------------+-----------------------------------------------------------------------------------------------------------------+---------+


+---------------------------------------------+
; Analysis & Synthesis Resource Usage Summary ;
+----------------------+----------------------+
; Resource             ; Usage                ;
+----------------------+----------------------+
; Logic cells          ; 190                  ;
; Total registers      ; 122                  ;
; I/O pins             ; 100                  ;
; Shareable expanders  ; 14                   ;
; Parallel expanders   ; 5                    ;
; Maximum fan-out node ; CLK14                ;
; Maximum fan-out      ; 105                  ;
; Total fan-out        ; 1753                 ;
; Average fan-out      ; 5.77                 ;
+----------------------+----------------------+


+-------------------------------------------------------------------------------------------------------------------------------------------------------------+
; Analysis & Synthesis Resource Utilization by Entity                                                                                                         ;
+------------------------------------------------+------------+------+-------------------------------------------------------------------------+--------------+
; Compilation Hierarchy Node                     ; Macrocells ; Pins ; Full Hierarchy Name                                                     ; Library Name ;
+------------------------------------------------+------------+------+-------------------------------------------------------------------------+--------------+
; |vspider_top                                   ; 190        ; 100  ; |vspider_top                                                            ; work         ;
;    |memory:U1|                                 ; 37         ; 0    ; |vspider_top|memory:U1                                                  ; work         ;
;    |video:U5|                                  ; 70         ; 0    ; |vspider_top|video:U5                                                   ; work         ;
;       |lpm_counter:invert_rtl_0|               ; 5          ; 0    ; |vspider_top|video:U5|lpm_counter:invert_rtl_0                          ; work         ;
;       |shift_out:USR|                          ; 8          ; 0    ; |vspider_top|video:U5|shift_out:USR                                     ; work         ;
;          |lpm_shiftreg:LPM_SHIFTREG_component| ; 8          ; 0    ; |vspider_top|video:U5|shift_out:USR|lpm_shiftreg:LPM_SHIFTREG_component ; work         ;
;    |zc_spi:U_ZC_SPI|                           ; 22         ; 0    ; |vspider_top|zc_spi:U_ZC_SPI                                            ; work         ;
+------------------------------------------------+------------+------+-------------------------------------------------------------------------+--------------+


+-----------------------------------------------------------------------------------------------------------------------------------------------------------------------------------------------------------------------+
; Analysis & Synthesis IP Cores Summary                                                                                                                                                                                 ;
+--------+--------------+---------+--------------+--------------+-------------------------------------+-----------------------------------------------------------------------------------------------------------------+
; Vendor ; IP Core Name ; Version ; Release Date ; License Type ; Entity Instance                     ; IP Include File                                                                                                 ;
+--------+--------------+---------+--------------+--------------+-------------------------------------+-----------------------------------------------------------------------------------------------------------------+
; Altera ; LPM_SHIFTREG ; 13.0    ; N/A          ; N/A          ; |vspider_top|video:U5|shift_out:USR ; /home/andy/Documents/Projects/Retrocomp/ZX-Spectrum/vspider-firmware/cpld/src/universal/rtl/shift/shift_out.vhd ;
+--------+--------------+---------+--------------+--------------+-------------------------------------+-----------------------------------------------------------------------------------------------------------------+


+---------------------------------------------------------------------------------------------------------+
; Parameter Settings for User Entity Instance: video:U5|shift_out:USR|lpm_shiftreg:LPM_SHIFTREG_component ;
+------------------------+----------+---------------------------------------------------------------------+
; Parameter Name         ; Value    ; Type                                                                ;
+------------------------+----------+---------------------------------------------------------------------+
; LPM_WIDTH              ; 8        ; Signed Integer                                                      ;
; LPM_DIRECTION          ; LEFT     ; Untyped                                                             ;
; LPM_AVALUE             ; UNUSED   ; Untyped                                                             ;
; LPM_SVALUE             ; UNUSED   ; Untyped                                                             ;
; DEVICE_FAMILY          ; MAX3000A ; Untyped                                                             ;
; AUTO_CARRY_CHAINS      ; ON       ; AUTO_CARRY                                                          ;
; IGNORE_CARRY_BUFFERS   ; OFF      ; IGNORE_CARRY                                                        ;
; AUTO_CASCADE_CHAINS    ; ON       ; AUTO_CASCADE                                                        ;
; IGNORE_CASCADE_BUFFERS ; OFF      ; IGNORE_CASCADE                                                      ;
+------------------------+----------+---------------------------------------------------------------------+
Note: In order to hide this table in the UI and the text report file, please set the "Show Parameter Settings in Synthesis Report" option in "Analysis and Synthesis Settings -> More Settings" to "Off".


+------------------------------------------------------------------------------------+
; Parameter Settings for Inferred Entity Instance: video:U5|lpm_counter:invert_rtl_0 ;
+------------------------+-------------------+---------------------------------------+
; Parameter Name         ; Value             ; Type                                  ;
+------------------------+-------------------+---------------------------------------+
; AUTO_CARRY_CHAINS      ; ON                ; AUTO_CARRY                            ;
; IGNORE_CARRY_BUFFERS   ; OFF               ; IGNORE_CARRY                          ;
; AUTO_CASCADE_CHAINS    ; ON                ; AUTO_CASCADE                          ;
; IGNORE_CASCADE_BUFFERS ; OFF               ; IGNORE_CASCADE                        ;
; LPM_WIDTH              ; 5                 ; Untyped                               ;
; LPM_DIRECTION          ; UP                ; Untyped                               ;
; LPM_MODULUS            ; 0                 ; Untyped                               ;
; LPM_AVALUE             ; UNUSED            ; Untyped                               ;
; LPM_SVALUE             ; UNUSED            ; Untyped                               ;
; LPM_PORT_UPDOWN        ; PORT_CONNECTIVITY ; Untyped                               ;
; DEVICE_FAMILY          ; MAX3000A          ; Untyped                               ;
; CARRY_CHAIN            ; MANUAL            ; Untyped                               ;
; CARRY_CHAIN_LENGTH     ; 48                ; CARRY_CHAIN_LENGTH                    ;
; NOT_GATE_PUSH_BACK     ; ON                ; NOT_GATE_PUSH_BACK                    ;
; CARRY_CNT_EN           ; SMART             ; Untyped                               ;
; LABWIDE_SCLR           ; ON                ; Untyped                               ;
; USE_NEW_VERSION        ; TRUE              ; Untyped                               ;
; CBXI_PARAMETER         ; NOTHING           ; Untyped                               ;
+------------------------+-------------------+---------------------------------------+
Note: In order to hide this table in the UI and the text report file, please set the "Show Parameter Settings in Synthesis Report" option in "Analysis and Synthesis Settings -> More Settings" to "Off".


+----------------------------------------------------------------------------+
; Parameter Settings for Inferred Entity Instance: video:U5|lpm_add_sub:Add0 ;
+------------------------+-------------+-------------------------------------+
; Parameter Name         ; Value       ; Type                                ;
+------------------------+-------------+-------------------------------------+
; LPM_WIDTH              ; 6           ; Untyped                             ;
; LPM_REPRESENTATION     ; UNSIGNED    ; Untyped                             ;
; LPM_DIRECTION          ; ADD         ; Untyped                             ;
; ONE_INPUT_IS_CONSTANT  ; YES         ; Untyped                             ;
; LPM_PIPELINE           ; 0           ; Untyped                             ;
; MAXIMIZE_SPEED         ; 5           ; Untyped                             ;
; REGISTERED_AT_END      ; 0           ; Untyped                             ;
; OPTIMIZE_FOR_SPEED     ; 5           ; Untyped                             ;
; USE_CS_BUFFERS         ; 1           ; Untyped                             ;
; CARRY_CHAIN            ; MANUAL      ; Untyped                             ;
; CARRY_CHAIN_LENGTH     ; 48          ; CARRY_CHAIN_LENGTH                  ;
; DEVICE_FAMILY          ; MAX3000A    ; Untyped                             ;
; USE_WYS                ; OFF         ; Untyped                             ;
; STYLE                  ; FAST        ; Untyped                             ;
; CBXI_PARAMETER         ; add_sub_3nh ; Untyped                             ;
; AUTO_CARRY_CHAINS      ; ON          ; AUTO_CARRY                          ;
; IGNORE_CARRY_BUFFERS   ; OFF         ; IGNORE_CARRY                        ;
; AUTO_CASCADE_CHAINS    ; ON          ; AUTO_CASCADE                        ;
; IGNORE_CASCADE_BUFFERS ; OFF         ; IGNORE_CASCADE                      ;
+------------------------+-------------+-------------------------------------+
Note: In order to hide this table in the UI and the text report file, please set the "Show Parameter Settings in Synthesis Report" option in "Analysis and Synthesis Settings -> More Settings" to "Off".


+----------------------------------------------------------------------------+
; Parameter Settings for Inferred Entity Instance: video:U5|lpm_add_sub:Add2 ;
+------------------------+-------------+-------------------------------------+
; Parameter Name         ; Value       ; Type                                ;
+------------------------+-------------+-------------------------------------+
; LPM_WIDTH              ; 6           ; Untyped                             ;
; LPM_REPRESENTATION     ; UNSIGNED    ; Untyped                             ;
; LPM_DIRECTION          ; ADD         ; Untyped                             ;
; ONE_INPUT_IS_CONSTANT  ; YES         ; Untyped                             ;
; LPM_PIPELINE           ; 0           ; Untyped                             ;
; MAXIMIZE_SPEED         ; 5           ; Untyped                             ;
; REGISTERED_AT_END      ; 0           ; Untyped                             ;
; OPTIMIZE_FOR_SPEED     ; 5           ; Untyped                             ;
; USE_CS_BUFFERS         ; 1           ; Untyped                             ;
; CARRY_CHAIN            ; MANUAL      ; Untyped                             ;
; CARRY_CHAIN_LENGTH     ; 48          ; CARRY_CHAIN_LENGTH                  ;
; DEVICE_FAMILY          ; MAX3000A    ; Untyped                             ;
; USE_WYS                ; OFF         ; Untyped                             ;
; STYLE                  ; FAST        ; Untyped                             ;
; CBXI_PARAMETER         ; add_sub_3nh ; Untyped                             ;
; AUTO_CARRY_CHAINS      ; ON          ; AUTO_CARRY                          ;
; IGNORE_CARRY_BUFFERS   ; OFF         ; IGNORE_CARRY                        ;
; AUTO_CASCADE_CHAINS    ; ON          ; AUTO_CASCADE                        ;
; IGNORE_CASCADE_BUFFERS ; OFF         ; IGNORE_CASCADE                      ;
+------------------------+-------------+-------------------------------------+
Note: In order to hide this table in the UI and the text report file, please set the "Show Parameter Settings in Synthesis Report" option in "Analysis and Synthesis Settings -> More Settings" to "Off".


+-----------------------------------------------------------------------------------------+
; lpm_shiftreg Parameter Settings by Entity Instance                                      ;
+----------------------------+------------------------------------------------------------+
; Name                       ; Value                                                      ;
+----------------------------+------------------------------------------------------------+
; Number of entity instances ; 1                                                          ;
; Entity Instance            ; video:U5|shift_out:USR|lpm_shiftreg:LPM_SHIFTREG_component ;
;     -- LPM_WIDTH           ; 8                                                          ;
;     -- LPM_DIRECTION       ; LEFT                                                       ;
+----------------------------+------------------------------------------------------------+


+----------------------------------------------------+
; Port Connectivity Checks: "video:U5|shift_out:USR" ;
+--------+-------+----------+------------------------+
; Port   ; Type  ; Severity ; Details                ;
+--------+-------+----------+------------------------+
; enable ; Input ; Info     ; Stuck at VCC           ;
+--------+-------+----------+------------------------+


+-----------------------------------------------------------------------------------------------------------------+
; Port Connectivity Checks: "video:U5"                                                                            ;
+-------+--------+----------+-------------------------------------------------------------------------------------+
; Port  ; Type   ; Severity ; Details                                                                             ;
+-------+--------+----------+-------------------------------------------------------------------------------------+
; blank ; Output ; Info     ; Connected to dangling logic. Logic that only feeds a dangling port will be removed. ;
+-------+--------+----------+-------------------------------------------------------------------------------------+


+-------------------------------+
; Analysis & Synthesis Messages ;
+-------------------------------+
Info: *******************************************************************
Info: Running Quartus II 32-bit Analysis & Synthesis
    Info: Version 13.0.1 Build 232 06/12/2013 Service Pack 1 SJ Web Edition
    Info: Processing started: Mon May 11 19:16:03 2026
Info: Command: quartus_map --read_settings_files=on --write_settings_files=off vspider -c vspider
Warning (20028): Parallel compilation is not licensed and has been disabled
Info (12021): Found 2 design units, including 1 entities, in source file /home/andy/Documents/Projects/Retrocomp/ZX-Spectrum/vspider-firmware/cpld/src/universal/rtl/sd/zc_spi.vhd
    Info (12022): Found design unit 1: zc_spi-spi_rtl
    Info (12023): Found entity 1: zc_spi
Info (12021): Found 2 design units, including 1 entities, in source file /home/andy/Documents/Projects/Retrocomp/ZX-Spectrum/vspider-firmware/cpld/src/universal/rtl/shift/shift_out.vhd
    Info (12022): Found design unit 1: shift_out-SYN
    Info (12023): Found entity 1: shift_out
Info (12021): Found 2 design units, including 1 entities, in source file /home/andy/Documents/Projects/Retrocomp/ZX-Spectrum/vspider-firmware/cpld/src/universal/rtl/shift/shift_in.vhd
    Info (12022): Found design unit 1: shift_in-SYN
    Info (12023): Found entity 1: shift_in
Info (12021): Found 2 design units, including 1 entities, in source file /home/andy/Documents/Projects/Retrocomp/ZX-Spectrum/vspider-firmware/cpld/src/universal/rtl/vspider_top.vhd
    Info (12022): Found design unit 1: vspider_top-rtl
    Info (12023): Found entity 1: vspider_top
Info (12021): Found 2 design units, including 1 entities, in source file /home/andy/Documents/Projects/Retrocomp/ZX-Spectrum/vspider-firmware/cpld/src/universal/rtl/video/video.vhd
    Info (12022): Found design unit 1: video-rtl
    Info (12023): Found entity 1: video
Info (12021): Found 2 design units, including 1 entities, in source file /home/andy/Documents/Projects/Retrocomp/ZX-Spectrum/vspider-firmware/cpld/src/universal/rtl/memory/memory.vhd
    Info (12022): Found design unit 1: memory-RTL
    Info (12023): Found entity 1: memory
Info (12127): Elaborating entity "vspider_top" for the top level hierarchy
Warning (10540): VHDL Signal Declaration warning at vspider_top.vhd(80): used explicit default value for signal "DRD" because signal was never assigned a value
Warning (10540): VHDL Signal Declaration warning at vspider_top.vhd(81): used explicit default value for signal "DWR" because signal was never assigned a value
Warning (10540): VHDL Signal Declaration warning at vspider_top.vhd(82): used explicit default value for signal "MTR" because signal was never assigned a value
Warning (10492): VHDL Process Statement warning at vspider_top.vhd(343): signal "divmmc_en" is read inside the Process Statement but isn't in the Process Statement's sensitivity list
Info (12128): Elaborating entity "zc_spi" for hierarchy "zc_spi:U_ZC_SPI"
Info (12128): Elaborating entity "memory" for hierarchy "memory:U1"
Info (12128): Elaborating entity "video" for hierarchy "video:U5"
Info (12128): Elaborating entity "shift_out" for hierarchy "video:U5|shift_out:USR"
Info (12128): Elaborating entity "lpm_shiftreg" for hierarchy "video:U5|shift_out:USR|lpm_shiftreg:LPM_SHIFTREG_component"
Info (12130): Elaborated megafunction instantiation "video:U5|shift_out:USR|lpm_shiftreg:LPM_SHIFTREG_component"
Info (12133): Instantiated megafunction "video:U5|shift_out:USR|lpm_shiftreg:LPM_SHIFTREG_component" with the following parameter:
    Info (12134): Parameter "lpm_direction" = "LEFT"
    Info (12134): Parameter "lpm_type" = "LPM_SHIFTREG"
    Info (12134): Parameter "lpm_width" = "8"
Info (19000): Inferred 1 megafunctions from design logic
    Info (19001): Inferred lpm_counter megafunction (LPM_WIDTH=5) from the following logic: "video:U5|invert_rtl_0"
Info (278001): Inferred 2 megafunctions from design logic
    Info (278002): Inferred adder/subtractor megafunction ("lpm_add_sub") from the following logic: "video:U5|Add0"
    Info (278002): Inferred adder/subtractor megafunction ("lpm_add_sub") from the following logic: "video:U5|Add2"
Info (12130): Elaborated megafunction instantiation "video:U5|lpm_counter:invert_rtl_0"
Info (12133): Instantiated megafunction "video:U5|lpm_counter:invert_rtl_0" with the following parameter:
    Info (12134): Parameter "LPM_WIDTH" = "5"
    Info (12134): Parameter "LPM_DIRECTION" = "UP"
    Info (12134): Parameter "LPM_TYPE" = "LPM_COUNTER"
Info (12130): Elaborated megafunction instantiation "video:U5|lpm_add_sub:Add0"
Info (12133): Instantiated megafunction "video:U5|lpm_add_sub:Add0" with the following parameter:
    Info (12134): Parameter "LPM_WIDTH" = "6"
    Info (12134): Parameter "LPM_DIRECTION" = "ADD"
    Info (12134): Parameter "LPM_REPRESENTATION" = "UNSIGNED"
    Info (12134): Parameter "ONE_INPUT_IS_CONSTANT" = "YES"
Info (12131): Elaborated megafunction instantiation "video:U5|lpm_add_sub:Add0|addcore:adder", which is child of megafunction instantiation "video:U5|lpm_add_sub:Add0"
Info (12131): Elaborated megafunction instantiation "video:U5|lpm_add_sub:Add0|addcore:adder|a_csnbuffer:oflow_node", which is child of megafunction instantiation "video:U5|lpm_add_sub:Add0"
Info (12131): Elaborated megafunction instantiation "video:U5|lpm_add_sub:Add0|addcore:adder|a_csnbuffer:result_node", which is child of megafunction instantiation "video:U5|lpm_add_sub:Add0"
Info (12131): Elaborated megafunction instantiation "video:U5|lpm_add_sub:Add0|addcore:adder|addcore:adder[0]", which is child of megafunction instantiation "video:U5|lpm_add_sub:Add0"
Info (12131): Elaborated megafunction instantiation "video:U5|lpm_add_sub:Add0|addcore:adder|addcore:adder[0]|a_csnbuffer:oflow_node", which is child of megafunction instantiation "video:U5|lpm_add_sub:Add0"
Info (12131): Elaborated megafunction instantiation "video:U5|lpm_add_sub:Add0|addcore:adder|addcore:adder[0]|a_csnbuffer:result_node", which is child of megafunction instantiation "video:U5|lpm_add_sub:Add0"
Info (12131): Elaborated megafunction instantiation "video:U5|lpm_add_sub:Add0|altshift:result_ext_latency_ffs", which is child of megafunction instantiation "video:U5|lpm_add_sub:Add0"
Info (12131): Elaborated megafunction instantiation "video:U5|lpm_add_sub:Add0|altshift:carry_ext_latency_ffs", which is child of megafunction instantiation "video:U5|lpm_add_sub:Add0"
Info (13014): Ignored 14 buffer(s)
    Info (13019): Ignored 14 SOFT buffer(s)
Info (13000): Registers with preset signals will power-up high
Warning (13024): Output pins are stuck at VCC or GND
    Warning (13410): Pin "MA[17]" is stuck at GND
    Warning (13410): Pin "DRD" is stuck at GND
    Warning (13410): Pin "DWR" is stuck at GND
    Warning (13410): Pin "MTR" is stuck at GND
Info (280013): Promoted pin-driven signal(s) to global signal
    Info (280014): Promoted clock signal driven by pin "CLK14" to global clock signal
Warning (21074): Design contains 1 input pin(s) that do not drive logic
    Warning (15610): No output dependent on input pin "KB[3]"
Info (21057): Implemented 304 device resources after synthesis - the final resource count might be different
    Info (21058): Implemented 36 input pins
    Info (21059): Implemented 48 output pins
    Info (21060): Implemented 16 bidirectional pins
    Info (21063): Implemented 190 macrocells
    Info (21073): Implemented 14 shareable expanders
Info: Quartus II 32-bit Analysis & Synthesis was successful. 0 errors, 12 warnings
    Info: Peak virtual memory: 360 megabytes
    Info: Processing ended: Mon May 11 19:16:05 2026
    Info: Elapsed time: 00:00:02
    Info: Total CPU time (on all processors): 00:00:03


